# mapa com as diferentes modalidades de arrasto de fundo

#
# MAPA = nome do arquivo
#

MAPA='arrasteiros'

rm -f ${MAPA}.pdf

#
# obtém os dados
#
#############################

# arrasto oceânico

psql -F ' ' -A -t -c "select round(o.londec::numeric,5), round(o.latdec::numeric,5), o.direcao, o.veloc * 1.85\
from onixsat o, \
chave_onixsat c, \
raep_deferidas r, \
portos p, \
frotas t \
where o.embarcacao = c.embarcacao and \
c.num_rgp = r.num_rgp and \
t.frota_num = r.frota_num and \
t.tipo = 'arrasto de fundo oceânico' and o.veloc > 1 and \
o.latdec <= $NORTE and o.latdec >= $SUL and o.londec <= $LESTE and o.londec >= $OESTE and \
not st_covers(p.wkb_geometry,o.geog) and \
o.datahora > now() - '1 day'::interval" > arrasto_oceanico.gmt $BD

psql -F ' ' -A -t -c "select round(o.londec::numeric,5), round(o.latdec::numeric,5), o.direcao, o.veloc * 1.85\
from onixsat o, \
chave_onixsat c, \
raep_deferidas r, \
portos p, \
frotas t \
where o.embarcacao = c.embarcacao and \
c.num_rgp = r.num_rgp and \
t.frota_num = r.frota_num and \
t.tipo = 'arrasto de fundo oceânico' and o.veloc <= 1 and \
o.latdec <= $NORTE and o.latdec >= $SUL and o.londec <= $LESTE and o.londec >= $OESTE and \
not st_covers(p.wkb_geometry,o.geog) and \
o.datahora > now() - '1 day'::interval" > arrasto_oceanico0.gmt $BD

# arrasto peixes (simples/parelha)

psql -F ' ' -A -t -c "select round(o.londec::numeric,5), round(o.latdec::numeric,5), o.direcao, o.veloc * 1.85\
from onixsat o, \
chave_onixsat c, \
raep_deferidas r, \
portos p, \
frotas t \
where o.embarcacao = c.embarcacao and \
c.num_rgp = r.num_rgp and \
t.frota_num = r.frota_num and \
t.tipo = 'arrasto de fundo peixes' and o.veloc > 1 and \
o.latdec <= $NORTE and o.latdec >= $SUL and o.londec <= $LESTE and o.londec >= $OESTE and \
not st_covers(p.wkb_geometry,o.geog) and \
o.datahora > now() - '1 day'::interval" > arrasto_peixes.gmt $BD

psql -F ' ' -A -t -c "select round(o.londec::numeric,5), round(o.latdec::numeric,5), o.direcao, o.veloc * 1.85\
from onixsat o, \
chave_onixsat c, \
raep_deferidas r, \
portos p, \
frotas t \
where o.embarcacao = c.embarcacao and \
c.num_rgp = r.num_rgp and \
t.frota_num = r.frota_num and \
t.tipo = 'arrasto de fundo peixes' and o.veloc <= 1 and \
o.latdec <= $NORTE and o.latdec >= $SUL and o.londec <= $LESTE and o.londec >= $OESTE and \
not st_covers(p.wkb_geometry,o.geog) and \
o.datahora > now() - '1 day'::interval" > arrasto_peixes0.gmt $BD

# arrasto duplo de peixes

psql -F ' ' -A -t -c "select round(o.londec::numeric,5), round(o.latdec::numeric,5), o.direcao, o.veloc * 1.85\
from onixsat o, \
chave_onixsat c, \
raep_deferidas r, \
portos p, \
frotas t \
where o.embarcacao = c.embarcacao and \
c.num_rgp = r.num_rgp and \
t.frota_num = r.frota_num and \
t.tipo = 'arrasto de fundo duplo peixes' and o.veloc > 1 and \
o.latdec <= $NORTE and o.latdec >= $SUL and o.londec <= $LESTE and o.londec >= $OESTE and \
not st_covers(p.wkb_geometry,o.geog) and \
o.datahora > now() - '1 day'::interval" > arrasto_duplo_peixes.gmt $BD

psql -F ' ' -A -t -c "select round(o.londec::numeric,5), round(o.latdec::numeric,5), o.direcao, o.veloc * 1.85\
from onixsat o, \
chave_onixsat c, \
raep_deferidas r, \
portos p, \
frotas t \
where o.embarcacao = c.embarcacao and \
c.num_rgp = r.num_rgp and \
t.frota_num = r.frota_num and \
t.tipo = 'arrasto de fundo duplo peixes' and o.veloc <= 1 and \
o.latdec <= $NORTE and o.latdec >= $SUL and o.londec <= $LESTE and o.londec >= $OESTE and \
not st_covers(p.wkb_geometry,o.geog) and \
o.datahora > now() - '1 day'::interval" > arrasto_duplo_peixes0.gmt $BD

# arrasto duplo rosa

psql -F ' ' -A -t -c "select round(o.londec::numeric,5), round(o.latdec::numeric,5), o.direcao, o.veloc * 1.85\
from onixsat o, \
chave_onixsat c, \
raep_deferidas r, \
portos p, \
frotas t \
where o.embarcacao = c.embarcacao and \
c.num_rgp = r.num_rgp and \
t.frota_num = r.frota_num and \
t.tipo = 'arrasto duplo rosa e cristalino' and o.veloc > 1 and \
o.latdec <= $NORTE and o.latdec >= $SUL and o.londec <= $LESTE and o.londec >= $OESTE and \
not st_covers(p.wkb_geometry,o.geog) and \
o.datahora > now() - '1 day'::interval" > arrasto_rosa.gmt $BD

psql -F ' ' -A -t -c "select round(o.londec::numeric,5), round(o.latdec::numeric,5), o.direcao, o.veloc * 1.85\
from onixsat o, \
chave_onixsat c, \
raep_deferidas r, \
portos p, \
frotas t \
where o.embarcacao = c.embarcacao and \
c.num_rgp = r.num_rgp and \
t.frota_num = r.frota_num and \
t.tipo = 'arrasto duplo rosa e cristalino' and o.veloc <= 1 and \
o.latdec <= $NORTE and o.latdec >= $SUL and o.londec <= $LESTE and o.londec >= $OESTE and \
not st_covers(p.wkb_geometry,o.geog) and \
o.datahora > now() - '1 day'::interval" > arrasto_rosa0.gmt $BD

# arrasto duplo sete-barbas

psql -F ' ' -A -t -c "select round(o.londec::numeric,5), round(o.latdec::numeric,5), o.direcao, o.veloc * 1.85\
from onixsat o, \
chave_onixsat c, \
raep_deferidas r, \
portos p, \
frotas t \
where o.embarcacao = c.embarcacao and \
c.num_rgp = r.num_rgp and \
t.frota_num = r.frota_num and \
t.tipo = 'arrasto duplo sete-barbas' and o.veloc > 1 and \
o.latdec <= $NORTE and o.latdec >= $SUL and o.londec <= $LESTE and o.londec >= $OESTE and \
not st_covers(p.wkb_geometry,o.geog) and \
o.datahora > now() - '1 day'::interval" > arrasto_setebarbas.gmt $BD

psql -F ' ' -A -t -c "select round(o.londec::numeric,5), round(o.latdec::numeric,5), o.direcao, o.veloc * 1.85\
from onixsat o, \
chave_onixsat c, \
raep_deferidas r, \
portos p, \
frotas t \
where o.embarcacao = c.embarcacao and \
c.num_rgp = r.num_rgp and \
t.frota_num = r.frota_num and \
t.tipo = 'arrasto duplo sete-barbas' and o.veloc <= 1 and \
o.latdec <= $NORTE and o.latdec >= $SUL and o.londec <= $LESTE and o.londec >= $OESTE and \
not st_covers(p.wkb_geometry,o.geog) and \
o.datahora > now() - '1 day'::interval" > arrasto_setebarbas0.gmt $BD

# desenha mapa

gmt pscoast -Y3c -X3.35c -P -N1/thinnest -N2/thinnest,black,. -Dh -Wthinnest -Glightgrey $REGIAO $PROJ -K > ${MAPA}.ps
gmt psxy -P $PROF30 -Wthinnest,grey $REGIAO $PROJ -K -O -Sql$LAB:+l$ROT30+f6p,Helvetica,black >> ${MAPA}.ps
gmt psxy -P $PROF50  -Wthinnest,grey $REGIAO $PROJ -K -O -Sql$LAB:+l$ROT50+f6p,Helvetica,black >> ${MAPA}.ps
gmt psxy -P $PROF100  -Wthinnest,grey $REGIAO $PROJ -K -O -Sql$LAB:+l$ROT100+f6p,Helvetica,black >> ${MAPA}.ps
gmt psxy -P $PROF200  -Wthinnest,grey $REGIAO $PROJ -K -O -Sql$LAB:+l$ROT200+f6p,Helvetica,black >> ${MAPA}.ps
gmt psxy -P $PROF1000  -Wthinnest,grey $REGIAO $PROJ -K -O -Sql$LAB:+l$ROT1000+f6p,Helvetica,black >> ${MAPA}.ps
gmt psbasemap -P $REGIAO $PROJ $ANOT -BWesN $ESCALA -K -O >> ${MAPA}.ps

# arrasto oceanico VERMELHO

if [[ -s arrasto_oceanico.gmt ]]; then
	gmt psxy -P arrasto_oceanico.gmt $REGIAO $PROJ -S=0.05i+e+je -Wthin,red,solid -Gred -K -O >> ${MAPA}.ps
fi

if [[ -s arrasto_oceanico0.gmt ]]; then
	gmt psxy -P arrasto_oceanico0.gmt $REGIAO $PROJ $ZEROVELOC -Wthin,red,solid -Gred -K -O >> ${MAPA}.ps
fi

# arrasto peixes VERDE

if [[ -s arrasto_peixes.gmt ]]; then
	gmt psxy -P arrasto_peixes.gmt $REGIAO $PROJ -S=0.05i+e+je+n2 -Wthin,green,solid -Ggreen -K -O >> ${MAPA}.ps
fi

if [[ -s arrasto_peixes0.gmt ]]; then
	gmt psxy -P arrasto_peixes0.gmt $REGIAO $PROJ $ZEROVELOC -Wthin,green,solid -Ggreen -K -O >> ${MAPA}.ps
fi

# arrasto duplo peixes AZUL

if [[ -s arrasto_duplo_peixes.gmt ]]; then
	gmt psxy -P arrasto_duplo_peixes.gmt $REGIAO $PROJ -S=0.05i+e+je -Wthin,blue,solid -Gblue -K -O >> ${MAPA}.ps
fi

if [[ -s arrasto_duplo_peixes0.gmt ]]; then
	gmt psxy -P arrasto_duplo_peixes0.gmt $REGIAO $PROJ $ZEROVELOC -Wthin,blue,solid -Gblue -K -O >> ${MAPA}.ps
fi

# arrasto rosa LARANJA

if [[ -s arrasto_rosa.gmt ]]; then
	gmt psxy -P arrasto_rosa.gmt $REGIAO $PROJ -S=0.05i+e+je+n2 -Wthin,orange,solid -Gorange -K -O >> ${MAPA}.ps
fi

if [[ -s arrasto_rosa0.gmt ]]; then
	gmt psxy -P arrasto_rosa0.gmt $REGIAO $PROJ $ZEROVELOC -Wthin,orange,solid -Gorange -K -O >> ${MAPA}.ps
fi

# arrasto sete barbas MAGENTA

if [[ -s arrasto_setebarbas.gmt ]]; then
	gmt psxy -P arrasto_setebarbas.gmt $REGIAO $PROJ -S=0.05i+e+je -Wthin,magenta,solid -Gmagenta -K -O >> ${MAPA}.ps
fi

if [[ -s arrasto_setebarbas0.gmt ]]; then
	gmt psxy -P arrasto_setebarbas0.gmt $REGIAO $PROJ $ZEROVELOC -Wthin,magenta,solid -Gmagenta -K -O >> ${MAPA}.ps
fi

# data/hora do rastreamento

echo "$LOCDATA Rastreamento em $DATAHORA" | gmt pstext -P $REGIAO $PROJ -D0/-2 -N -F+f11p,Helvetica+jRT -K -O >> ${MAPA}.ps

# cidade de referência

echo "$LOCREF" | gmt pstext -P $REGIAO $PROJ -F+f16p,Helvetica+jRT -D-0.2c/0 -K -O >> ${MAPA}.ps

# logo ibama

gmt psimage IBAMA.png -Dx${POSLOGO}+w2c -K -O >> ${MAPA}.ps


# cabeçalho da pagina (RETIRADO: Escrit\363rio Regional de Itaja\355)

echo "$CAB1" | gmt pstext -P $REGIAO $PROJ -F+f10p,Helvetica+jCT -N -D-0.2c/0 -K -O >> ${MAPA}.ps
echo "$CAB2" | gmt pstext -P $REGIAO $PROJ -F+f10p,Helvetica+jCT -N -D-0.2c/0 -K -O >> ${MAPA}.ps
echo "$CAB3" | gmt pstext -P $REGIAO $PROJ -F+f10p,Helvetica+jCT -N -D-0.2c/0 -K -O >> ${MAPA}.ps


# # Título

# gmt pstext -P $REGIAO $PROJ -F+f12p,Helvetica-Bold+jCT -N -D-0.2c/0 -K -O <<EOF >> ${MAPA}.ps
# -49 -23.95 MONITORAMENTO DE EMBARCA\307\325ES PESQUEIRAS
# EOF

# legenda

gmt pslegend -P -Dx${POSLEG}+w10c -O <<EOF >> ${MAPA}.ps
# Legend test for pslegend
# G is vertical gap, V is vertical line, N sets # of columns, D draws horizontal line.
# H is header, L is label, S is symbol, T is paragraph text, M is map scale.
#
S 0.5c v0.05i 0.20i red thin,red 1c arrasto oce\342nico
S 0.5c v0.05i 0.20i green thin,green 1c arrasto de peixes
S 0.5c v0.05i 0.20i blue thin,blue 1c arrasto duplo de peixes
S 0.5c v0.05i 0.20i orange thin,orange 1c arrasto camar\343o-rosa
S 0.5c v0.05i 0.20i magenta thin,magenta 1c arrasto camar\343o-sete-barbas
EOF

# remove arquivos

rm -f arrasto_setebarbas.gmt arrasto_rosa.gmt arrasto_duplo_peixes.gmt arrasto_peixes.gmt arrasto_oceanico.gmt
rm -f arrasto_setebarbas0.gmt arrasto_rosa0.gmt arrasto_duplo_peixes0.gmt arrasto_peixes0.gmt arrasto_oceanico0.gmt

# converte para PDF
########################################

# gmt psconvert -Z -A0.1 -Tf ${MAPA}.ps

ps2pdf ${MAPA}.ps

rm -f ${MAPA}.ps
