# mapa com cerco de sardinha-verdadeira e sardinha-laje

#
# MAPA = nome do arquivo
#

MAPA='cerco'

rm -f ${MAPA}.pdf

#
# obtém os dados
#
#############################

# cerco sardinha-verdadeira

psql -F ' ' -A -t -c "select round(o.londec::numeric,5), round(o.latdec::numeric,5), o.direcao, o.veloc * 1.85\
from onixsat o, \
nova_chave_onixsat c, \
raep_deferidas r, \
portos p, \
frotas t \
where o.embarcacao = c.embarcacao and \
c.num_marinha = r.num_marinha and \
t.frota_num = r.frota_num and \
t.tipo = 'cerco sardinha-verdadeira' and o.veloc > 1 and \
o.latdec <= $NORTE and o.latdec >= $SUL and o.londec <= $LESTE and o.londec >= $OESTE and \
not st_covers(p.wkb_geometry,o.geog) and \
o.datahora > now() - '1 day'::interval" > sardinha-verdadeira.gmt $BD

psql -F ' ' -A -t -c "select round(o.londec::numeric,5), round(o.latdec::numeric,5), o.direcao, o.veloc * 1.85\
from onixsat o, \
nova_chave_onixsat c, \
raep_deferidas r, \
portos p, \
frotas t \
where o.embarcacao = c.embarcacao and \
c.num_marinha = r.num_marinha and \
t.frota_num = r.frota_num and \
t.tipo = 'cerco sardinha-verdadeira' and o.veloc <= 1 and \
o.latdec <= $NORTE and o.latdec >= $SUL and o.londec <= $LESTE and o.londec >= $OESTE and \
not st_covers(p.wkb_geometry,o.geog) and \
o.datahora > now() - '1 day'::interval" > sardinha-verdadeira0.gmt $BD

# cerco sardinha-laje

psql -F ' ' -A -t -c "select round(o.londec::numeric,5), round(o.latdec::numeric,5), o.direcao, o.veloc * 1.85\
from onixsat o, \
nova_chave_onixsat c, \
raep_deferidas r, \
portos p, \
frotas t \
where o.embarcacao = c.embarcacao and \
c.num_marinha = r.num_marinha and \
t.frota_num = r.frota_num and \
t.tipo = 'cerco sardinha-laje' and o.veloc > 1 and \
o.latdec <= $NORTE and o.latdec >= $SUL and o.londec <= $LESTE and o.londec >= $OESTE and \
not st_covers(p.wkb_geometry,o.geog) and \
o.datahora > now() - '1 day'::interval" > sardinha-laje.gmt $BD

psql -F ' ' -A -t -c "select round(o.londec::numeric,5), round(o.latdec::numeric,5), o.direcao, o.veloc * 1.85\
from onixsat o, \
nova_chave_onixsat c, \
raep_deferidas r, \
portos p, \
frotas t \
where o.embarcacao = c.embarcacao and \
c.num_marinha = r.num_marinha and \
t.frota_num = r.frota_num and \
t.tipo = 'cerco sardinha-laje' and o.veloc <= 1 and \
o.latdec <= $NORTE and o.latdec >= $SUL and o.londec <= $LESTE and o.londec >= $OESTE and \
not st_covers(p.wkb_geometry,o.geog) and \
o.datahora > now() - '1 day'::interval" > sardinha-laje0.gmt $BD

# cerco bonito-listrado

psql -F ' ' -A -t -c "select round(o.londec::numeric,5), round(o.latdec::numeric,5), o.direcao, o.veloc * 1.85\
from onixsat o, \
nova_chave_onixsat c, \
raep_deferidas r, \
portos p, \
frotas t \
where o.embarcacao = c.embarcacao and \
c.num_marinha = r.num_marinha and \
t.frota_num = r.frota_num and \
t.tipo = 'cerco bonito-listrado' and o.veloc > 1 and \
o.latdec <= $NORTE and o.latdec >= $SUL and o.londec <= $LESTE and o.londec >= $OESTE and \
not st_covers(p.wkb_geometry,o.geog) and \
o.datahora > now() - '1 day'::interval" > bonito-listrado.gmt $BD

psql -F ' ' -A -t -c "select round(o.londec::numeric,5), round(o.latdec::numeric,5), o.direcao, o.veloc * 1.85\
from onixsat o, \
nova_chave_onixsat c, \
raep_deferidas r, \
portos p, \
frotas t \
where o.embarcacao = c.embarcacao and \
c.num_marinha = r.num_marinha and \
t.frota_num = r.frota_num and \
t.tipo = 'cerco bonito-listrado' and o.veloc <= 1 and \
o.latdec <= $NORTE and o.latdec >= $SUL and o.londec <= $LESTE and o.londec >= $OESTE and \
not st_covers(p.wkb_geometry,o.geog) and \
o.datahora > now() - '1 day'::interval" > bonito-listrado0.gmt $BD

# desenha mapa

gmt pscoast -Y3c -X3.35c -P -N1/thinnest -N2/thinnest,black,. -Dh -Wthinnest -Glightgrey $REGIAO $PROJ -K > ${MAPA}.ps
gmt psxy -P $PROF30 -Wthinnest,grey $REGIAO $PROJ -K -O -Sql$LAB:+l$ROT30+f6p,Helvetica,black >> ${MAPA}.ps
gmt psxy -P $PROF50  -Wthinnest,grey $REGIAO $PROJ -K -O -Sql$LAB:+l$ROT50+f6p,Helvetica,black >> ${MAPA}.ps
gmt psxy -P $PROF100  -Wthinnest,grey $REGIAO $PROJ -K -O -Sql$LAB:+l$ROT100+f6p,Helvetica,black >> ${MAPA}.ps
gmt psxy -P $PROF200  -Wthinnest,grey $REGIAO $PROJ -K -O -Sql$LAB:+l$ROT200+f6p,Helvetica,black >> ${MAPA}.ps
gmt psxy -P $PROF1000  -Wthinnest,grey $REGIAO $PROJ -K -O -Sql$LAB:+l$ROT1000+f6p,Helvetica,black >> ${MAPA}.ps
gmt psbasemap -P $REGIAO $PROJ $ANOT -BWesN $ESCALA -K -O >> ${MAPA}.ps

# bonito-listrado VERMELHO

if [[ -s bonito-listrado.gmt ]]; then
	gmt psxy -P bonito-listrado.gmt $REGIAO $PROJ -S=0.05i+e+je -Wthin,red,solid -Gred -K -O >> ${MAPA}.ps
fi

if [[ -s bonito-listrado0.gmt ]]; then
	gmt psxy -P bonito-listrado0.gmt $REGIAO $PROJ $ZEROVELOC -Wthin,red,solid -Gred -K -O >> ${MAPA}.ps
fi

# sardinha-verdadeira VERDE

if [[ -s sardinha-verdadeira.gmt ]]; then
	gmt psxy -P sardinha-verdadeira.gmt $REGIAO $PROJ -S=0.05i+e+je+n2 -Wthin,green,solid -Ggreen -K -O >> ${MAPA}.ps
fi

if [[ -s sardinha-verdadeira0.gmt ]]; then
	gmt psxy -P sardinha-verdadeira0.gmt $REGIAO $PROJ $ZEROVELOC -Wthin,green,solid -Ggreen -K -O >> ${MAPA}.ps
fi

# sardinha-laje AZUL

if [[ -s sardinha-laje.gmt ]]; then
	gmt psxy -P sardinha-laje.gmt $REGIAO $PROJ -S=0.05i+e+je -Wthin,blue,solid -Gblue -K -O >> ${MAPA}.ps
fi

if [[ -s sardinha-laje0.gmt ]]; then
	gmt psxy -P sardinha-laje0.gmt $REGIAO $PROJ $ZEROVELOC -Wthin,blue,solid -Gblue -K -O >> ${MAPA}.ps
fi

# data/hora do rastreamento

echo "$LOCDATA Rastreamento em $DATAHORA" | gmt pstext -P $REGIAO $PROJ -D0/-2 -N -F+f11p,Helvetica+jRT -K -O >> ${MAPA}.ps

# cidade de referência

echo "$LOCREF" | gmt pstext -P $REGIAO $PROJ -F+f16p,Helvetica+jRT -D-0.2c/0 -K -O >> ${MAPA}.ps

# logo ibama

gmt psimage IBAMA.png -Dx${POSLOGO}+w2c -K -O >> ${MAPA}.ps


# cabeçalho da pagina (RETIRADO: Escrit\363rio Regional de Itaja\355)

echo "$CAB1" | gmt pstext -P $REGIAO $PROJ -F+f10p,Helvetica+jCT -N -D-0.2c/0 -K -O >> ${MAPA}.ps
echo "$CAB2" | gmt pstext -P $REGIAO $PROJ -F+f10p,Helvetica+jCT -N -D-0.2c/0 -K -O >> ${MAPA}.ps
echo "$CAB3" | gmt pstext -P $REGIAO $PROJ -F+f10p,Helvetica+jCT -N -D-0.2c/0 -K -O >> ${MAPA}.ps

# # Título

# gmt pstext -P $REGIAO $PROJ -F+f12p,Helvetica-Bold+jCT -N -D-0.2c/0 -K -O <<EOF >> ${MAPA}.ps
# -49 -23.95 MONITORAMENTO DE EMBARCA\307\325ES PESQUEIRAS
# EOF

# legenda

gmt pslegend -P -Dx${POSLEG}+w10c -O <<EOF >> ${MAPA}.ps
# Legend test for pslegend
# G is vertical gap, V is vertical line, N sets # of columns, D draws horizontal line.
# H is header, L is label, S is symbol, T is paragraph text, M is map scale.
#
S 0.5c v0.05i 0.20i red thin,red 1c cerco bonito-listrado
S 0.5c v0.05i 0.20i green thin,green 1c cerco sardinha-verdadeira
S 0.5c v0.05i 0.20i blue thin,blue 1c cerco sardinha-laje
EOF

# remove arquivos

rm -f bonito-listrado.gmt sardinha-verdadeira.gmt sardinha-laje.gmt
rm -f bonito-listrado0.gmt sardinha-verdadeira0.gmt sardinha-laje0.gmt

# converte para PDF
########################################

# gmt psconvert -Z -A0.1 -Tf ${MAPA}.ps

ps2pdf ${MAPA}.ps

rm -f ${MAPA}.ps
